Connecting to tcp:127.0.0.1:5760
Waiting for heartbeat...
Heartbeat received!
Sending AI_LANDING_CORRECTION messages...
Sent AI_LANDING_STATUS
Received STATUSTEXT: AI Landing Corr: dist=20.0 conf=0.98
SUCCESS: Verified AI Landing Correction logic!
Received STATUSTEXT: AI Landing Status: lost=0 conf=0.95
SUCCESS: Verified AI Landing Status logic!
Received STATUSTEXT: Calibrating barometer
Received STATUSTEXT: AI Landing Corr: dist=19.9 conf=0.98
SUCCESS: Verified AI Landing Correction logic!
Received STATUSTEXT: Barometer 1 calibration complete
Received STATUSTEXT: Barometer 2 calibration complete
Received STATUSTEXT: Airspeed 1 calibration started
Received STATUSTEXT: ArduPilot Ready
Received STATUSTEXT: AHRS: DCM active
Received STATUSTEXT: Throttle failsafe off
Received STATUSTEXT: AI Landing Corr: dist=19.9 conf=0.98
SUCCESS: Verified AI Landing Correction logic!
Received STATUSTEXT: AI Landing Corr: dist=19.8 conf=0.98
SUCCESS: Verified AI Landing Correction logic!
Received STATUSTEXT: Airspeed 1 calibrated
Received STATUSTEXT: AI Landing Corr: dist=19.8 conf=0.98
SUCCESS: Verified AI Landing Correction logic!
Received STATUSTEXT: AI Landing Corr: dist=19.7 conf=0.98
SUCCESS: Verified AI Landing Correction logic!
Received STATUSTEXT: AI Landing Corr: dist=19.7 conf=0.98
SUCCESS: Verified AI Landing Correction logic!
Received STATUSTEXT: AI Landing Corr: dist=19.6 conf=0.98
SUCCESS: Verified AI Landing Correction logic!
Received STATUSTEXT: AI Landing Corr: dist=19.6 conf=0.98
SUCCESS: Verified AI Landing Correction logic!
Received STATUSTEXT: GPS 1: probing for u-blox at 230400 baud
Received STATUSTEXT: GPS 1: detected u-blox
Received STATUSTEXT: AI Landing Corr: dist=19.5 conf=0.98
SUCCESS: Verified AI Landing Correction logic!
Sent AI_LANDING_STATUS
Received STATUSTEXT: AI Landing Corr: dist=19.5 conf=0.98
SUCCESS: Verified AI Landing Correction logic!
Received STATUSTEXT: AI Landing Status: lost=0 conf=0.95
SUCCESS: Verified AI Landing Status logic!
Received STATUSTEXT: EKF3 IMU0 initialised
Received STATUSTEXT: EKF3 IMU1 initialised
Received STATUSTEXT: AI Landing Corr: dist=19.4 conf=0.98
SUCCESS: Verified AI Landing Correction logic!
Received STATUSTEXT: EKF3 IMU0 tilt alignment complete
Received STATUSTEXT: EKF3 IMU1 tilt alignment complete
Received STATUSTEXT: EKF3 IMU0 MAG0 initial yaw alignment complete
Received STATUSTEXT: EKF3 IMU1 MAG0 initial yaw alignment complete
Received STATUSTEXT: AI Landing Corr: dist=19.4 conf=0.98
SUCCESS: Verified AI Landing Correction logic!
Received STATUSTEXT: AI Landing Corr: dist=19.3 conf=0.98
SUCCESS: Verified AI Landing Correction logic!
Received STATUSTEXT: AI Landing Corr: dist=19.3 conf=0.98
SUCCESS: Verified AI Landing Correction logic!
Received STATUSTEXT: AI Landing Corr: dist=19.2 conf=0.98
SUCCESS: Verified AI Landing Correction logic!
Received STATUSTEXT: AI Landing Corr: dist=19.2 conf=0.98
SUCCESS: Verified AI Landing Correction logic!
Received STATUSTEXT: AI Landing Corr: dist=19.1 conf=0.98
SUCCESS: Verified AI Landing Correction logic!
Received STATUSTEXT: AI Landing Corr: dist=19.1 conf=0.98
SUCCESS: Verified AI Landing Correction logic!
Received STATUSTEXT: AI Landing Corr: dist=19.0 conf=0.98
SUCCESS: Verified AI Landing Correction logic!
Sent AI_LANDING_STATUS
Received STATUSTEXT: EKF3 IMU0 origin set
Received STATUSTEXT: EKF3 IMU1 origin set
Received STATUSTEXT: AI Landing Corr: dist=19.0 conf=0.98
SUCCESS: Verified AI Landing Correction logic!
Received STATUSTEXT: AI Landing Status: lost=0 conf=0.95
SUCCESS: Verified AI Landing Status logic!
Received STATUSTEXT: EKF3 IMU0 is using GPS
Received STATUSTEXT: EKF3 IMU1 is using GPS
Received STATUSTEXT: AHRS: EKF3 active
Received STATUSTEXT: Field Elevation Set: 584m
Received STATUSTEXT: AI Landing Corr: dist=18.9 conf=0.98
SUCCESS: Verified AI Landing Correction logic!
Received STATUSTEXT: AI Landing Corr: dist=18.9 conf=0.98
SUCCESS: Verified AI Landing Correction logic!
Received STATUSTEXT: AI Landing Corr: dist=18.8 conf=0.98
SUCCESS: Verified AI Landing Correction logic!
Received STATUSTEXT: AI Landing Corr: dist=18.8 conf=0.98
SUCCESS: Verified AI Landing Correction logic!
Received STATUSTEXT: AI Landing Corr: dist=18.7 conf=0.98
SUCCESS: Verified AI Landing Correction logic!
Received STATUSTEXT: AI Landing Corr: dist=18.7 conf=0.98
SUCCESS: Verified AI Landing Correction logic!
Received STATUSTEXT: AI Landing Corr: dist=18.6 conf=0.98
SUCCESS: Verified AI Landing Correction logic!
Received STATUSTEXT: AI Landing Corr: dist=18.6 conf=0.98
SUCCESS: Verified AI Landing Correction logic!
Received STATUSTEXT: AI Landing Corr: dist=18.5 conf=0.98
SUCCESS: Verified AI Landing Correction logic!
Received STATUSTEXT: PreArm: 3D Accel calibration needed
Sent AI_LANDING_STATUS
Received STATUSTEXT: AI Landing Corr: dist=18.5 conf=0.98
SUCCESS: Verified AI Landing Correction logic!
Received STATUSTEXT: AI Landing Status: lost=0 conf=0.95
SUCCESS: Verified AI Landing Status logic!
Received STATUSTEXT: AI Landing Corr: dist=18.4 conf=0.98
SUCCESS: Verified AI Landing Correction logic!
Received STATUSTEXT: AI Landing Corr: dist=18.4 conf=0.98
SUCCESS: Verified AI Landing Correction logic!
Received STATUSTEXT: AI Landing Corr: dist=18.3 conf=0.98
SUCCESS: Verified AI Landing Correction logic!
Received STATUSTEXT: AI Landing Corr: dist=18.3 conf=0.98
SUCCESS: Verified AI Landing Correction logic!
Received STATUSTEXT: AI Landing Corr: dist=18.2 conf=0.98
SUCCESS: Verified AI Landing Correction logic!
Received STATUSTEXT: AI Landing Corr: dist=18.2 conf=0.98
SUCCESS: Verified AI Landing Correction logic!
Received STATUSTEXT: AI Landing Corr: dist=18.1 conf=0.98
SUCCESS: Verified AI Landing Correction logic!
Received STATUSTEXT: AI Landing Corr: dist=18.1 conf=0.98
SUCCESS: Verified AI Landing Correction logic!
Received STATUSTEXT: AI Landing Corr: dist=18.0 conf=0.98
SUCCESS: Verified AI Landing Correction logic!
Sent AI_LANDING_STATUS
Received STATUSTEXT: AI Landing Corr: dist=17.9 conf=0.98
SUCCESS: Verified AI Landing Correction logic!
Received STATUSTEXT: AI Landing Status: lost=0 conf=0.95
SUCCESS: Verified AI Landing Status logic!
Received STATUSTEXT: AI Landing Corr: dist=17.9 conf=0.98
SUCCESS: Verified AI Landing Correction logic!
Received STATUSTEXT: AI Landing Corr: dist=17.8 conf=0.98
SUCCESS: Verified AI Landing Correction logic!
Received STATUSTEXT: AI Landing Corr: dist=17.8 conf=0.98
SUCCESS: Verified AI Landing Correction logic!
Received STATUSTEXT: AI Landing Corr: dist=17.7 conf=0.98
SUCCESS: Verified AI Landing Correction logic!
Received STATUSTEXT: AI Landing Corr: dist=17.7 conf=0.98
SUCCESS: Verified AI Landing Correction logic!
Received STATUSTEXT: AI Landing Corr: dist=17.6 conf=0.98
SUCCESS: Verified AI Landing Correction logic!
Received STATUSTEXT: AI Landing Corr: dist=17.6 conf=0.98
SUCCESS: Verified AI Landing Correction logic!
Received STATUSTEXT: AI Landing Corr: dist=17.5 conf=0.98
SUCCESS: Verified AI Landing Correction logic!
Received STATUSTEXT: AI Landing Corr: dist=17.5 conf=0.98
SUCCESS: Verified AI Landing Correction logic!
Sent AI_LANDING_STATUS
Received STATUSTEXT: AI Landing Corr: dist=17.4 conf=0.98
SUCCESS: Verified AI Landing Correction logic!
Received STATUSTEXT: AI Landing Status: lost=0 conf=0.95
SUCCESS: Verified AI Landing Status logic!
Received STATUSTEXT: AI Landing Corr: dist=17.4 conf=0.98
SUCCESS: Verified AI Landing Correction logic!
Received STATUSTEXT: AI Landing Corr: dist=17.3 conf=0.98
SUCCESS: Verified AI Landing Correction logic!
Received STATUSTEXT: AI Landing Corr: dist=17.3 conf=0.98
SUCCESS: Verified AI Landing Correction logic!
Received STATUSTEXT: AI Landing Corr: dist=17.2 conf=0.98
SUCCESS: Verified AI Landing Correction logic!
Received STATUSTEXT: AI Landing Corr: dist=17.2 conf=0.98
SUCCESS: Verified AI Landing Correction logic!
Received STATUSTEXT: AI Landing Corr: dist=17.1 conf=0.98
SUCCESS: Verified AI Landing Correction logic!
Received STATUSTEXT: AI Landing Corr: dist=17.1 conf=0.98
SUCCESS: Verified AI Landing Correction logic!
Received STATUSTEXT: AI Landing Corr: dist=17.0 conf=0.98
SUCCESS: Verified AI Landing Correction logic!
Received STATUSTEXT: AI Landing Corr: dist=17.0 conf=0.98
SUCCESS: Verified AI Landing Correction logic!
Received STATUSTEXT: PreArm: 3D Accel calibration needed
Sent AI_LANDING_STATUS
Received STATUSTEXT: AI Landing Corr: dist=16.9 conf=0.98
SUCCESS: Verified AI Landing Correction logic!
Received STATUSTEXT: AI Landing Status: lost=0 conf=0.95
SUCCESS: Verified AI Landing Status logic!
Received STATUSTEXT: AI Landing Corr: dist=16.9 conf=0.98
SUCCESS: Verified AI Landing Correction logic!
Received STATUSTEXT: AI Landing Corr: dist=16.8 conf=0.98
SUCCESS: Verified AI Landing Correction logic!
Received STATUSTEXT: AI Landing Corr: dist=16.8 conf=0.98
SUCCESS: Verified AI Landing Correction logic!
Received STATUSTEXT: AI Landing Corr: dist=16.7 conf=0.98
SUCCESS: Verified AI Landing Correction logic!
Received STATUSTEXT: AI Landing Corr: dist=16.7 conf=0.98
SUCCESS: Verified AI Landing Correction logic!
Received STATUSTEXT: AI Landing Corr: dist=16.6 conf=0.98
SUCCESS: Verified AI Landing Correction logic!
Received STATUSTEXT: AI Landing Corr: dist=16.6 conf=0.98
SUCCESS: Verified AI Landing Correction logic!
Received STATUSTEXT: AI Landing Corr: dist=16.5 conf=0.98
SUCCESS: Verified AI Landing Correction logic!
Received STATUSTEXT: AI Landing Corr: dist=16.5 conf=0.98
SUCCESS: Verified AI Landing Correction logic!
Sent AI_LANDING_STATUS
Received STATUSTEXT: AI Landing Corr: dist=16.4 conf=0.98
SUCCESS: Verified AI Landing Correction logic!
Received STATUSTEXT: AI Landing Status: lost=0 conf=0.95
SUCCESS: Verified AI Landing Status logic!
Received STATUSTEXT: AI Landing Corr: dist=16.4 conf=0.98
SUCCESS: Verified AI Landing Correction logic!
Received STATUSTEXT: AI Landing Corr: dist=16.3 conf=0.98
SUCCESS: Verified AI Landing Correction logic!
Received STATUSTEXT: AI Landing Corr: dist=16.3 conf=0.98
SUCCESS: Verified AI Landing Correction logic!
Received STATUSTEXT: AI Landing Corr: dist=16.2 conf=0.98
SUCCESS: Verified AI Landing Correction logic!
Received STATUSTEXT: AI Landing Corr: dist=16.2 conf=0.98
SUCCESS: Verified AI Landing Correction logic!
Received STATUSTEXT: AI Landing Corr: dist=16.1 conf=0.98
SUCCESS: Verified AI Landing Correction logic!
Received STATUSTEXT: AI Landing Corr: dist=16.1 conf=0.98
SUCCESS: Verified AI Landing Correction logic!
Received STATUSTEXT: AI Landing Corr: dist=16.0 conf=0.98
SUCCESS: Verified AI Landing Correction logic!
Received STATUSTEXT: AI Landing Corr: dist=16.0 conf=0.98
SUCCESS: Verified AI Landing Correction logic!
Sent AI_LANDING_STATUS
Received STATUSTEXT: AI Landing Corr: dist=15.9 conf=0.98
SUCCESS: Verified AI Landing Correction logic!
Received STATUSTEXT: AI Landing Status: lost=0 conf=0.95
SUCCESS: Verified AI Landing Status logic!
Received STATUSTEXT: AI Landing Corr: dist=15.9 conf=0.98
SUCCESS: Verified AI Landing Correction logic!
Received STATUSTEXT: AI Landing Corr: dist=15.8 conf=0.98
SUCCESS: Verified AI Landing Correction logic!
Received STATUSTEXT: AI Landing Corr: dist=15.7 conf=0.98
SUCCESS: Verified AI Landing Correction logic!
Received STATUSTEXT: AI Landing Corr: dist=15.7 conf=0.98
SUCCESS: Verified AI Landing Correction logic!
Received STATUSTEXT: AI Landing Corr: dist=15.6 conf=0.98
SUCCESS: Verified AI Landing Correction logic!
Received STATUSTEXT: AI Landing Corr: dist=15.6 conf=0.98
SUCCESS: Verified AI Landing Correction logic!
Received STATUSTEXT: AI Landing Corr: dist=15.5 conf=0.98
SUCCESS: Verified AI Landing Correction logic!
Received STATUSTEXT: AI Landing Corr: dist=15.5 conf=0.98
SUCCESS: Verified AI Landing Correction logic!
Received STATUSTEXT: AI Landing Corr: dist=15.4 conf=0.98
SUCCESS: Verified AI Landing Correction logic!
Received STATUSTEXT: PreArm: 3D Accel calibration needed
Sent AI_LANDING_STATUS
Received STATUSTEXT: AI Landing Corr: dist=15.4 conf=0.98
SUCCESS: Verified AI Landing Correction logic!
Received STATUSTEXT: AI Landing Status: lost=0 conf=0.95
SUCCESS: Verified AI Landing Status logic!
Received STATUSTEXT: AI Landing Corr: dist=15.3 conf=0.98
SUCCESS: Verified AI Landing Correction logic!
Received STATUSTEXT: AI Landing Corr: dist=15.3 conf=0.98
SUCCESS: Verified AI Landing Correction logic!
Received STATUSTEXT: AI Landing Corr: dist=15.2 conf=0.98
SUCCESS: Verified AI Landing Correction logic!
Received STATUSTEXT: AI Landing Corr: dist=15.2 conf=0.98
SUCCESS: Verified AI Landing Correction logic!
Received STATUSTEXT: AI Landing Corr: dist=15.1 conf=0.98
SUCCESS: Verified AI Landing Correction logic!
Received STATUSTEXT: AI Landing Corr: dist=15.1 conf=0.98
SUCCESS: Verified AI Landing Correction logic!
Received STATUSTEXT: AI Landing Corr: dist=15.0 conf=0.98
SUCCESS: Verified AI Landing Correction logic!
Received STATUSTEXT: AI Landing Corr: dist=15.0 conf=0.98
SUCCESS: Verified AI Landing Correction logic!
Received STATUSTEXT: AI Landing Corr: dist=14.9 conf=0.98
SUCCESS: Verified AI Landing Correction logic!
Sent AI_LANDING_STATUS
Received STATUSTEXT: AI Landing Corr: dist=14.9 conf=0.98
SUCCESS: Verified AI Landing Correction logic!
Received STATUSTEXT: AI Landing Status: lost=0 conf=0.95
SUCCESS: Verified AI Landing Status logic!
Received STATUSTEXT: AI Landing Corr: dist=14.8 conf=0.98
SUCCESS: Verified AI Landing Correction logic!
Received STATUSTEXT: AI Landing Corr: dist=14.8 conf=0.98
SUCCESS: Verified AI Landing Correction logic!
Received STATUSTEXT: AI Landing Corr: dist=14.7 conf=0.98
SUCCESS: Verified AI Landing Correction logic!
Received STATUSTEXT: AI Landing Corr: dist=14.7 conf=0.98
SUCCESS: Verified AI Landing Correction logic!
Received STATUSTEXT: AI Landing Corr: dist=14.6 conf=0.98
SUCCESS: Verified AI Landing Correction logic!
Received STATUSTEXT: AI Landing Corr: dist=14.6 conf=0.98
SUCCESS: Verified AI Landing Correction logic!
Received STATUSTEXT: AI Landing Corr: dist=14.5 conf=0.98
SUCCESS: Verified AI Landing Correction logic!
Received STATUSTEXT: AI Landing Corr: dist=14.5 conf=0.98
SUCCESS: Verified AI Landing Correction logic!
Received STATUSTEXT: AI Landing Corr: dist=14.4 conf=0.98
SUCCESS: Verified AI Landing Correction logic!
Sent AI_LANDING_STATUS
Received STATUSTEXT: AI Landing Corr: dist=14.4 conf=0.98
SUCCESS: Verified AI Landing Correction logic!
Received STATUSTEXT: AI Landing Status: lost=0 conf=0.95
SUCCESS: Verified AI Landing Status logic!
Received STATUSTEXT: AI Landing Corr: dist=14.3 conf=0.98
SUCCESS: Verified AI Landing Correction logic!
Received STATUSTEXT: AI Landing Corr: dist=14.3 conf=0.98
SUCCESS: Verified AI Landing Correction logic!
Received STATUSTEXT: AI Landing Corr: dist=14.2 conf=0.98
SUCCESS: Verified AI Landing Correction logic!
Received STATUSTEXT: AI Landing Corr: dist=14.2 conf=0.98
SUCCESS: Verified AI Landing Correction logic!
Received STATUSTEXT: AI Landing Corr: dist=14.1 conf=0.98
SUCCESS: Verified AI Landing Correction logic!
Received STATUSTEXT: AI Landing Corr: dist=14.1 conf=0.98
SUCCESS: Verified AI Landing Correction logic!
Received STATUSTEXT: AI Landing Corr: dist=14.0 conf=0.98
SUCCESS: Verified AI Landing Correction logic!
Received STATUSTEXT: AI Landing Corr: dist=14.0 conf=0.98
SUCCESS: Verified AI Landing Correction logic!
Received STATUSTEXT: AI Landing Corr: dist=13.9 conf=0.98
SUCCESS: Verified AI Landing Correction logic!
Received STATUSTEXT: PreArm: 3D Accel calibration needed
Sent AI_LANDING_STATUS
Received STATUSTEXT: AI Landing Corr: dist=13.9 conf=0.98
SUCCESS: Verified AI Landing Correction logic!
Received STATUSTEXT: AI Landing Status: lost=0 conf=0.95
SUCCESS: Verified AI Landing Status logic!
Received STATUSTEXT: AI Landing Corr: dist=13.8 conf=0.98
SUCCESS: Verified AI Landing Correction logic!
Received STATUSTEXT: AI Landing Corr: dist=13.8 conf=0.98
SUCCESS: Verified AI Landing Correction logic!
Received STATUSTEXT: AI Landing Corr: dist=13.7 conf=0.98
SUCCESS: Verified AI Landing Correction logic!
Received STATUSTEXT: AI Landing Corr: dist=13.7 conf=0.98
SUCCESS: Verified AI Landing Correction logic!
Received STATUSTEXT: AI Landing Corr: dist=13.6 conf=0.98
SUCCESS: Verified AI Landing Correction logic!
Received STATUSTEXT: AI Landing Corr: dist=13.6 conf=0.98
SUCCESS: Verified AI Landing Correction logic!
Received STATUSTEXT: AI Landing Corr: dist=13.5 conf=0.98
SUCCESS: Verified AI Landing Correction logic!
Received STATUSTEXT: AI Landing Corr: dist=13.5 conf=0.98
SUCCESS: Verified AI Landing Correction logic!
Received STATUSTEXT: AI Landing Corr: dist=13.4 conf=0.98
SUCCESS: Verified AI Landing Correction logic!
Sent AI_LANDING_STATUS
Received STATUSTEXT: AI Landing Corr: dist=13.3 conf=0.98
SUCCESS: Verified AI Landing Correction logic!
Received STATUSTEXT: AI Landing Status: lost=0 conf=0.95
SUCCESS: Verified AI Landing Status logic!
Received STATUSTEXT: AI Landing Corr: dist=13.3 conf=0.98
SUCCESS: Verified AI Landing Correction logic!
Received STATUSTEXT: AI Landing Corr: dist=13.2 conf=0.98
SUCCESS: Verified AI Landing Correction logic!
Received STATUSTEXT: AI Landing Corr: dist=13.2 conf=0.98
SUCCESS: Verified AI Landing Correction logic!
Received STATUSTEXT: AI Landing Corr: dist=13.1 conf=0.98
SUCCESS: Verified AI Landing Correction logic!
Received STATUSTEXT: AI Landing Corr: dist=13.1 conf=0.98
SUCCESS: Verified AI Landing Correction logic!
Received STATUSTEXT: AI Landing Corr: dist=13.0 conf=0.98
SUCCESS: Verified AI Landing Correction logic!
Received STATUSTEXT: AI Landing Corr: dist=13.0 conf=0.98
SUCCESS: Verified AI Landing Correction logic!
Received STATUSTEXT: AI Landing Corr: dist=12.9 conf=0.98
SUCCESS: Verified AI Landing Correction logic!
Received STATUSTEXT: AI Landing Corr: dist=12.9 conf=0.98
SUCCESS: Verified AI Landing Correction logic!
Sent AI_LANDING_STATUS
Received STATUSTEXT: AI Landing Corr: dist=12.8 conf=0.98
SUCCESS: Verified AI Landing Correction logic!
Received STATUSTEXT: AI Landing Status: lost=0 conf=0.95
SUCCESS: Verified AI Landing Status logic!
Received STATUSTEXT: AI Landing Corr: dist=12.8 conf=0.98
SUCCESS: Verified AI Landing Correction logic!
Received STATUSTEXT: AI Landing Corr: dist=12.7 conf=0.98
SUCCESS: Verified AI Landing Correction logic!
Received STATUSTEXT: AI Landing Corr: dist=12.7 conf=0.98
SUCCESS: Verified AI Landing Correction logic!
Received STATUSTEXT: AI Landing Corr: dist=12.6 conf=0.98
SUCCESS: Verified AI Landing Correction logic!
Received STATUSTEXT: AI Landing Corr: dist=12.6 conf=0.98
SUCCESS: Verified AI Landing Correction logic!
Received STATUSTEXT: AI Landing Corr: dist=12.5 conf=0.98
SUCCESS: Verified AI Landing Correction logic!
Received STATUSTEXT: AI Landing Corr: dist=12.5 conf=0.98
SUCCESS: Verified AI Landing Correction logic!
Received STATUSTEXT: AI Landing Corr: dist=12.4 conf=0.98
SUCCESS: Verified AI Landing Correction logic!
Received STATUSTEXT: AI Landing Corr: dist=12.4 conf=0.98
SUCCESS: Verified AI Landing Correction logic!
Sent AI_LANDING_STATUS
Received STATUSTEXT: AI Landing Corr: dist=12.3 conf=0.98
SUCCESS: Verified AI Landing Correction logic!
Received STATUSTEXT: AI Landing Status: lost=0 conf=0.95
SUCCESS: Verified AI Landing Status logic!
Received STATUSTEXT: PreArm: 3D Accel calibration needed
Received STATUSTEXT: AI Landing Corr: dist=12.3 conf=0.98
SUCCESS: Verified AI Landing Correction logic!
Received STATUSTEXT: AI Landing Corr: dist=12.2 conf=0.98
SUCCESS: Verified AI Landing Correction logic!
Received STATUSTEXT: AI Landing Corr: dist=12.2 conf=0.98
SUCCESS: Verified AI Landing Correction logic!
Received STATUSTEXT: AI Landing Corr: dist=12.1 conf=0.98
SUCCESS: Verified AI Landing Correction logic!
Received STATUSTEXT: AI Landing Corr: dist=12.1 conf=0.98
SUCCESS: Verified AI Landing Correction logic!
Received STATUSTEXT: AI Landing Corr: dist=12.0 conf=0.98
SUCCESS: Verified AI Landing Correction logic!
Received STATUSTEXT: AI Landing Corr: dist=12.0 conf=0.98
SUCCESS: Verified AI Landing Correction logic!
Received STATUSTEXT: AI Landing Corr: dist=11.9 conf=0.98
SUCCESS: Verified AI Landing Correction logic!
Received STATUSTEXT: AI Landing Corr: dist=11.9 conf=0.98
SUCCESS: Verified AI Landing Correction logic!
Sent AI_LANDING_STATUS
Received STATUSTEXT: AI Landing Corr: dist=11.8 conf=0.98
SUCCESS: Verified AI Landing Correction logic!
Received STATUSTEXT: AI Landing Status: lost=0 conf=0.95
SUCCESS: Verified AI Landing Status logic!
Received STATUSTEXT: AI Landing Corr: dist=11.8 conf=0.98
SUCCESS: Verified AI Landing Correction logic!
Received STATUSTEXT: AI Landing Corr: dist=11.7 conf=0.98
SUCCESS: Verified AI Landing Correction logic!
Received STATUSTEXT: AI Landing Corr: dist=11.7 conf=0.98
SUCCESS: Verified AI Landing Correction logic!
Received STATUSTEXT: AI Landing Corr: dist=11.6 conf=0.98
SUCCESS: Verified AI Landing Correction logic!
Received STATUSTEXT: AI Landing Corr: dist=11.6 conf=0.98
SUCCESS: Verified AI Landing Correction logic!
Received STATUSTEXT: AI Landing Corr: dist=11.5 conf=0.98
SUCCESS: Verified AI Landing Correction logic!
Received STATUSTEXT: AI Landing Corr: dist=11.5 conf=0.98
SUCCESS: Verified AI Landing Correction logic!
Received STATUSTEXT: AI Landing Corr: dist=11.4 conf=0.98
SUCCESS: Verified AI Landing Correction logic!
Received STATUSTEXT: AI Landing Corr: dist=11.4 conf=0.98
SUCCESS: Verified AI Landing Correction logic!
Sent AI_LANDING_STATUS
Received STATUSTEXT: AI Landing Corr: dist=11.3 conf=0.98
SUCCESS: Verified AI Landing Correction logic!
Received STATUSTEXT: AI Landing Status: lost=0 conf=0.95
SUCCESS: Verified AI Landing Status logic!
Received STATUSTEXT: AI Landing Corr: dist=11.3 conf=0.98
SUCCESS: Verified AI Landing Correction logic!
Received STATUSTEXT: AI Landing Corr: dist=11.2 conf=0.98
SUCCESS: Verified AI Landing Correction logic!
Received STATUSTEXT: AI Landing Corr: dist=11.2 conf=0.98
SUCCESS: Verified AI Landing Correction logic!
Received STATUSTEXT: AI Landing Corr: dist=11.1 conf=0.98
SUCCESS: Verified AI Landing Correction logic!
Received STATUSTEXT: AI Landing Corr: dist=11.1 conf=0.98
SUCCESS: Verified AI Landing Correction logic!
Received STATUSTEXT: AI Landing Corr: dist=11.0 conf=0.98
SUCCESS: Verified AI Landing Correction logic!
Received STATUSTEXT: AI Landing Corr: dist=11.0 conf=0.98
SUCCESS: Verified AI Landing Correction logic!
Received STATUSTEXT: AI Landing Corr: dist=10.9 conf=0.98
SUCCESS: Verified AI Landing Correction logic!
Received STATUSTEXT: AI Landing Corr: dist=10.9 conf=0.98
SUCCESS: Verified AI Landing Correction logic!
Sent AI_LANDING_STATUS
Received STATUSTEXT: AI Landing Corr: dist=10.8 conf=0.98
SUCCESS: Verified AI Landing Correction logic!
Received STATUSTEXT: AI Landing Status: lost=0 conf=0.95
SUCCESS: Verified AI Landing Status logic!
Received STATUSTEXT: PreArm: 3D Accel calibration needed
Received STATUSTEXT: AI Landing Corr: dist=10.8 conf=0.98
SUCCESS: Verified AI Landing Correction logic!
Received STATUSTEXT: AI Landing Corr: dist=10.7 conf=0.98
SUCCESS: Verified AI Landing Correction logic!
Received STATUSTEXT: AI Landing Corr: dist=10.6 conf=0.98
SUCCESS: Verified AI Landing Correction logic!
Received STATUSTEXT: AI Landing Corr: dist=10.6 conf=0.98
SUCCESS: Verified AI Landing Correction logic!
Received STATUSTEXT: AI Landing Corr: dist=10.5 conf=0.98
SUCCESS: Verified AI Landing Correction logic!
Received STATUSTEXT: AI Landing Corr: dist=10.5 conf=0.98
SUCCESS: Verified AI Landing Correction logic!
Received STATUSTEXT: AI Landing Corr: dist=10.4 conf=0.98
SUCCESS: Verified AI Landing Correction logic!
Received STATUSTEXT: AI Landing Corr: dist=10.4 conf=0.98
SUCCESS: Verified AI Landing Correction logic!
Received STATUSTEXT: AI Landing Corr: dist=10.3 conf=0.98
SUCCESS: Verified AI Landing Correction logic!
Sent AI_LANDING_STATUS
Received STATUSTEXT: AI Landing Corr: dist=10.3 conf=0.98
SUCCESS: Verified AI Landing Correction logic!
Received STATUSTEXT: AI Landing Status: lost=0 conf=0.95
SUCCESS: Verified AI Landing Status logic!
Received STATUSTEXT: AI Landing Corr: dist=10.2 conf=0.98
SUCCESS: Verified AI Landing Correction logic!
Received STATUSTEXT: AI Landing Corr: dist=10.2 conf=0.98
SUCCESS: Verified AI Landing Correction logic!
